// Jest Snapshot v1, https://goo.gl/fbAQLP

exports[`<Form/> renders the <Form />populated data 1`] = `
<div
  class="form__Container-sc-7952rh-0 iZEtLb"
>
  <h1
    class="form__Title-sc-7952rh-3 bOoctg"
  >
    Sign In Now
  </h1>
  <form
    class="form__Base-sc-7952rh-2 coxgCz"
  >
    <input
      class="form__Input-sc-7952rh-7 fjToJO"
      placeholder="Email address"
    />
    <input
      class="form__Input-sc-7952rh-7 fjToJO"
      placeholder="Password"
      type="password"
    />
    <button
      class="form__Submit-sc-7952rh-8 iKuDKt"
      data-testid="sign-in"
      disabled=""
      type="submit"
    >
      Sign In
    </button>
  </form>
  <p
    class="form__Text-sc-7952rh-4 laYaFh"
  >
    New to Netflix?
     
  </p>
  <p
    class="form__TextSmall-sc-7952rh-5 kzjKlh"
  >
    This page is protected by Google reCAPTCHA to ensure you're not a bot. Learn more.
  </p>
</div>
`;

exports[`<Form/> renders the <Form/> with an error 1`] = `
<div
  class="form__Container-sc-7952rh-0 iZEtLb"
>
  <div
    class="form__Error-sc-7952rh-1 izMMjl"
  >
    Your email address is already being used
  </div>
  <button
    class="form__Submit-sc-7952rh-8 iKuDKt"
    type="submit"
  >
    Sign In
  </button>
</div>
`;
